2025-03-27 10:30:00 | DEBUG | repo=course-sys-int-switchyard-seminar | action=commit
2025-07-09 13:40:00 | INFO | repo=course-sys-int-switchyard-seminar | action=commit
2025-03-07 11:26:00 | INFO | repo=course-sys-int-switchyard-seminar | action=edit | files=2
2025-02-08 20:41:00 | WARN | repo=course-sys-int-switchyard-seminar | action=commit
2025-08-23 12:02:00 | INFO | repo=course-sys-int-switchyard-seminar | action=commit
2025-02-03 07:25:00 | DEBUG | repo=course-sys-int-switchyard-seminar | action=commit
2025-12-14 07:05:00 | DEBUG | repo=course-sys-int-switchyard-seminar | action=commit
2025-08-10 18:03:00 | INFO | repo=course-sys-int-switchyard-seminar | action=commit
2025-02-25 08:03:00 | WARN | repo=course-sys-int-switchyard-seminar | action=commit
2025-07-02 16:30:00 | DEBUG | repo=course-sys-int-switchyard-seminar | action=commit
2025-04-04 14:41:00 | WARN | repo=course-sys-int-switchyard-seminar | action=commit
2025-01-04 17:20:00 | INFO | repo=course-sys-int-switchyard-seminar | action=commit
2025-01-05 15:08:00 | DEBUG | repo=course-sys-int-switchyard-seminar | action=test | passed=true
2025-06-13 17:47:00 | WARN | repo=course-sys-int-switchyard-seminar | action=commit
2025-09-22 09:34:00 | DEBUG | repo=course-sys-int-switchyard-seminar | action=commit
2025-10-15 19:37:00 | DEBUG | repo=course-sys-int-switchyard-seminar | action=commit
2025-08-26 16:25:00 | WARN | repo=course-sys-int-switchyard-seminar | action=pull
2025-03-10 15:43:00 | DEBUG | repo=course-sys-int-switchyard-seminar | action=test | passed=true
2025-01-08 07:31:00 | WARN | repo=course-sys-int-switchyard-seminar | action=commit
2025-02-22 19:45:00 | WARN | repo=course-sys-int-switchyard-seminar | action=edit | files=1
2025-08-06 07:46:00 | DEBUG | repo=course-sys-int-switchyard-seminar | action=commit
